2026-08-05_AM.csv: SKU nuevo sin catalogo -> 'Estrella Galicia | Cerveza Estrella Galicia Lager 473 ml' (agregado como 'Sin clasificar', revisar data/catalog.json)
2026-08-05_AM.csv: SKU nuevo sin catalogo -> 'Antares | Antares Cerveza Caravana Session Ipa' (agregado como 'Sin clasificar', revisar data/catalog.json)
2026-08-05_AM.csv: SKU nuevo sin catalogo -> 'Pampa | Pampa Brewing Nitro Cream Stout 473ml' (agregado como 'Sin clasificar', revisar data/catalog.json)
2026-08-05_AM.csv: SKU nuevo sin catalogo -> 'Salta Cautiva | Salta Cautiva Cerveza Fresh Lager' (agregado como 'Sin clasificar', revisar data/catalog.json)
2026-08-05_AM.csv: SKU nuevo sin catalogo -> 'Quilmes | Cerveza Quilmes Ipa 473 cc' (agregado como 'Sin clasificar', revisar data/catalog.json)
2026-08-05_AM.csv: SKU nuevo sin catalogo -> 'Rabieta | Rabieta Cerveza Golden Ale' (agregado como 'Sin clasificar', revisar data/catalog.json)
2026-08-05_AM.csv: SKU nuevo sin catalogo -> 'Antares | Antares Cerveza Lager Porron' (agregado como 'Sin clasificar', revisar data/catalog.json)
2026-08-05_AM.csv: SKU nuevo sin catalogo -> 'Estrella Damm | Estrella Damm Cerveza Porron' (agregado como 'Sin clasificar', revisar data/catalog.json)
2026-08-06_AM.csv: SKU nuevo sin catalogo -> 'Andes Origen | Cerveza fria' (agregado como 'Sin clasificar', revisar data/catalog.json)
2026-08-06_AM.csv: SKU nuevo sin catalogo -> 'Santa Fe | Santa Fe Cerveza Rubia' (agregado como 'Sin clasificar', revisar data/catalog.json)
2026-08-06_AM.csv: SKU nuevo sin catalogo -> 'Starberg | Starberg Cerveza Lager' (agregado como 'Sin clasificar', revisar data/catalog.json)
2026-08-06_AM.csv: SKU nuevo sin catalogo -> 'Antares | Antares Cerveza Especiales Xpa' (agregado como 'Sin clasificar', revisar data/catalog.json)
2026-08-06_AM.csv: SKU nuevo sin catalogo -> 'Imperial | Imperial Cerveza Sin Alcohol Golden' (agregado como 'Sin clasificar', revisar data/catalog.json)
2026-08-06_AM.csv: SKU nuevo sin catalogo -> 'Salta Cautiva | Salta Cautiva Cerveza Rubia' (agregado como 'Sin clasificar', revisar data/catalog.json)
2026-08-09_AM.csv: SKU nuevo sin catalogo -> 'Corona | Corona Cerveza Cero' (agregado como 'Sin clasificar', revisar data/catalog.json)
2026-08-09_AM.csv: SKU nuevo sin catalogo -> 'Stella Artois | Cerveza Stella Artois 0% 473 cc' (agregado como 'Sin clasificar', revisar data/catalog.json)
2026-08-09_AM.csv: SKU nuevo sin catalogo -> 'Stella Artois | Stella Artois Cerveza 0%' (agregado como 'Sin clasificar', revisar data/catalog.json)
2026-08-09_AM.csv: SKU nuevo sin catalogo -> 'Andes Origen | Andes Origen Cerveza Rubia' (agregado como 'Sin clasificar', revisar data/catalog.json)
2026-08-10_AM.csv: SKU nuevo sin catalogo -> 'Quilmes | Cerveza Quilmes 0% 473 cc' (agregado como 'Sin clasificar', revisar data/catalog.json)
2026-08-10_AM.csv: SKU nuevo sin catalogo -> 'Rabieta | Rabieta Cerveza Helles Munich' (agregado como 'Sin clasificar', revisar data/catalog.json)
2026-08-11_AM.csv: SKU nuevo sin catalogo -> 'Heineken | Heineken Cerveza Rubia 1 X 473 mL' (agregado como 'Sin clasificar', revisar data/catalog.json)
2026-08-11_AM.csv: SKU nuevo sin catalogo -> 'Miller | Miller Genuine Draft Cerveza 1 X 330 mL' (agregado como 'Sin clasificar', revisar data/catalog.json)
2026-08-11_AM.csv: SKU nuevo sin catalogo -> 'Pampa | Cerveza Pampa Lager Lata 473ml 1 x 473 mL' (agregado como 'Sin clasificar', revisar data/catalog.json)
2026-08-11_AM.csv: SKU nuevo sin catalogo -> '1890 | 1890 Cerveza Rubia 1 X 473 mL' (agregado como 'Sin clasificar', revisar data/catalog.json)
2026-08-11_AM.csv: SKU nuevo sin catalogo -> 'Quilmes | Cerveza Quilmes Clásica 710 cc 1 X 710 mL' (agregado como 'Sin clasificar', revisar data/catalog.json)
2026-08-11_AM.csv: SKU nuevo sin catalogo -> 'Corona | Corona Cerveza Cero 1 X 330 mL' (agregado como 'Sin clasificar', revisar data/catalog.json)
2026-08-11_AM.csv: SKU nuevo sin catalogo -> 'Antares | Antares Cerveza Ipa 1 x 473 mL' (agregado como 'Sin clasificar', revisar data/catalog.json)
2026-08-11_AM.csv: SKU nuevo sin catalogo -> 'Michelob Ultra | Michelob Ultra Cerveza 1 x 275 mL' (agregado como 'Sin clasificar', revisar data/catalog.json)
2026-08-11_AM.csv: SKU nuevo sin catalogo -> 'Quilmes | Cerveza Quilmes 0% 473 cc 1 X 473 mL' (agregado como 'Sin clasificar', revisar data/catalog.json)
2026-08-11_AM.csv: SKU nuevo sin catalogo -> 'Stella Artois | Stella Artois Cerveza Premium Lager 1 x 710 mL' (agregado como 'Sin clasificar', revisar data/catalog.json)
2026-08-11_AM.csv: SKU nuevo sin catalogo -> 'Andes Origen | Cerveza Andes Origen Oro 473 cc 1 X 473 mL' (agregado como 'Sin clasificar', revisar data/catalog.json)
2026-08-11_AM.csv: SKU nuevo sin catalogo -> 'Rabieta | Rabieta Cerveza Helles Munich 1 X 473 mL' (agregado como 'Sin clasificar', revisar data/catalog.json)
2026-08-11_AM.csv: SKU nuevo sin catalogo -> 'Stella Artois | Stella Artois Cerveza 1 x 330 mL' (agregado como 'Sin clasificar', revisar data/catalog.json)
2026-08-11_AM.csv: SKU nuevo sin catalogo -> 'Peroni | Peroni Cerveza 1 X 330 mL' (agregado como 'Sin clasificar', revisar data/catalog.json)
2026-08-11_AM.csv: SKU nuevo sin catalogo -> 'Amstel | Amstel Cerveza Lager Pura Malta 1 X 473 mL' (agregado como 'Sin clasificar', revisar data/catalog.json)
2026-08-11_AM.csv: SKU nuevo sin catalogo -> 'Heineken | Heineken Cerveza Original 1 X 330 mL' (agregado como 'Sin clasificar', revisar data/catalog.json)
2026-08-11_AM.csv: SKU nuevo sin catalogo -> 'Patagonia | Cerveza Patagonia Lager Del Sur 730 cc 1 X 730 mL' (agregado como 'Sin clasificar', revisar data/catalog.json)
2026-08-11_AM.csv: SKU nuevo sin catalogo -> 'Pampa | Pampa Brewing Cerveza Honey Lata 473 ml 1 X 473 mL' (agregado como 'Sin clasificar', revisar data/catalog.json)
2026-08-11_AM.csv: SKU nuevo sin catalogo -> 'Brahma | Cerveza Brahma Chopp Lata 354mlx1 1 X 354 mL' (agregado como 'Sin clasificar', revisar data/catalog.json)
2026-08-11_AM.csv: SKU nuevo sin catalogo -> 'Estrella Galicia | Estrella Galicia Cerveza 0.0 Tostada Lata 330ml 1 x 330 mL' (agregado como 'Sin clasificar', revisar data/catalog.json)
2026-08-11_AM.csv: SKU nuevo sin catalogo -> 'Santa Fe | Santa Fe Cerveza Rubia 1 X 473 mL' (agregado como 'Sin clasificar', revisar data/catalog.json)
2026-08-11_AM.csv: SKU nuevo sin catalogo -> 'Patagonia | Cerveza Patagonia Vera Ipa 473 cc 1 X 473 mL' (agregado como 'Sin clasificar', revisar data/catalog.json)
2026-08-11_AM.csv: SKU nuevo sin catalogo -> 'Stella Artois | Cerveza Stella Artois 0% 473 cc 1 x 473 mL' (agregado como 'Sin clasificar', revisar data/catalog.json)
2026-08-11_AM.csv: SKU nuevo sin catalogo -> 'Miller | Miller Cerveza Rubia 1 X 600 mL' (agregado como 'Sin clasificar', revisar data/catalog.json)
2026-08-11_AM.csv: SKU nuevo sin catalogo -> 'Antares | Ipa Cerveza Antares Especiales Sin Alcohol 1 x 473 mL' (agregado como 'Sin clasificar', revisar data/catalog.json)
2026-08-11_AM.csv: SKU nuevo sin catalogo -> 'Imperial | Imperial Cerveza Negra Cream Stout en Lata 1 X 473 mL' (agregado como 'Sin clasificar', revisar data/catalog.json)
2026-08-11_AM.csv: SKU nuevo sin catalogo -> 'Warsteiner | Warsteiner Cerveza Rubia 1 X 473 mL' (agregado como 'Sin clasificar', revisar data/catalog.json)
2026-08-11_AM.csv: SKU nuevo sin catalogo -> 'Salta | Salta Cerveza Cautiva Roja 1 X 473 mL' (agregado como 'Sin clasificar', revisar data/catalog.json)
2026-08-11_AM.csv: SKU nuevo sin catalogo -> 'Antares | Antares Cerveza Scotch 1 X 473 mL' (agregado como 'Sin clasificar', revisar data/catalog.json)
2026-08-11_AM.csv: SKU nuevo sin catalogo -> 'Grolsch | Grolsch Cerveza Pilsner 1 X 473 mL' (agregado como 'Sin clasificar', revisar data/catalog.json)
2026-08-11_AM.csv: SKU nuevo sin catalogo -> 'Stella Artois | Cerveza Stella Artois Noire 473 cc 1 X 473 mL' (agregado como 'Sin clasificar', revisar data/catalog.json)
2026-08-11_AM.csv: SKU nuevo sin catalogo -> 'Andes Origen | Andes Origen Cerveza Negra en Lata 1 X 473 mL' (agregado como 'Sin clasificar', revisar data/catalog.json)
2026-08-11_AM.csv: SKU nuevo sin catalogo -> 'Patagonia | Cerveza Patagonia Amber Lager 473 cc 1 X 473 mL' (agregado como 'Sin clasificar', revisar data/catalog.json)
2026-08-11_AM.csv: SKU nuevo sin catalogo -> 'Patagonia | Cerveza Patagonia Amber Lager 730 cc 1 X 730 mL' (agregado como 'Sin clasificar', revisar data/catalog.json)
2026-08-11_AM.csv: SKU nuevo sin catalogo -> 'Imperial | Imperial Cerveza Lager Dorada Lata 710ml 1 X 710 mL' (agregado como 'Sin clasificar', revisar data/catalog.json)
2026-08-11_AM.csv: SKU nuevo sin catalogo -> 'Imperial | Imperial Cerveza Extra Lager 1 X 473 mL' (agregado como 'Sin clasificar', revisar data/catalog.json)
2026-08-11_AM.csv: SKU nuevo sin catalogo -> 'Rabieta | Rabieta Cerveza Red Honey 1 X 473 mL' (agregado como 'Sin clasificar', revisar data/catalog.json)
2026-08-11_AM.csv: SKU nuevo sin catalogo -> 'Pampa | Pampa Brewing Amber Ale Lata 473ml 1 X 473 mL' (agregado como 'Sin clasificar', revisar data/catalog.json)
2026-08-11_AM.csv: SKU nuevo sin catalogo -> 'Kunstmann | Kunstmann Torobayo Lata 470ml 1 X 470 mL' (agregado como 'Sin clasificar', revisar data/catalog.json)
2026-08-11_AM.csv: SKU nuevo sin catalogo -> 'Quilmes | Cerveza Quilmes Ipa 473 cc 1 X 473 mL' (agregado como 'Sin clasificar', revisar data/catalog.json)
2026-08-11_AM.csv: SKU nuevo sin catalogo -> 'Imperial | Imperial Cerveza Ipa 1 X 473 mL' (agregado como 'Sin clasificar', revisar data/catalog.json)
2026-08-11_AM.csv: SKU nuevo sin catalogo -> 'Patagonia | Cerveza Patagonia Lager Del Sur 473 cc 1 X 473 mL' (agregado como 'Sin clasificar', revisar data/catalog.json)
2026-08-11_AM.csv: SKU nuevo sin catalogo -> 'Antares | Antares Cerveza Caravana Session Ipa 1 X 473 mL' (agregado como 'Sin clasificar', revisar data/catalog.json)
2026-08-11_AM.csv: SKU nuevo sin catalogo -> 'Stella Artois | Stella Artois Cerveza 0% 1 X 330 mL' (agregado como 'Sin clasificar', revisar data/catalog.json)
2026-08-11_AM.csv: SKU nuevo sin catalogo -> 'Antares | Antares Cerveza Lager 1 x 473 mL' (agregado como 'Sin clasificar', revisar data/catalog.json)
2026-08-11_AM.csv: SKU nuevo sin catalogo -> 'Imperial | Imperial Cerveza Ligera Golden 1 X 473 mL' (agregado como 'Sin clasificar', revisar data/catalog.json)
2026-08-11_AM.csv: SKU nuevo sin catalogo -> 'Salta Cautiva | Salta Cautiva Cerveza Rubia 1 X 473 mL' (agregado como 'Sin clasificar', revisar data/catalog.json)
2026-08-11_AM.csv: SKU nuevo sin catalogo -> 'Rabieta | Rabieta Cerveza Irish Red Ale 1 X 473 mL' (agregado como 'Sin clasificar', revisar data/catalog.json)
2026-08-11_AM.csv: SKU nuevo sin catalogo -> 'Antares | Antares Kolsch Cerveza 1 X 473 mL' (agregado como 'Sin clasificar', revisar data/catalog.json)
2026-08-11_AM.csv: SKU nuevo sin catalogo -> 'Bitburger | Bitburger Cerveza 1 X 330 mL' (agregado como 'Sin clasificar', revisar data/catalog.json)
2026-08-11_AM.csv: SKU nuevo sin catalogo -> 'Miller | Miller Cerveza Genuine Draft en Lata 1 X 710 mL' (agregado como 'Sin clasificar', revisar data/catalog.json)
2026-08-11_AM.csv: SKU nuevo sin catalogo -> 'Grolsch | Grolsch Cerveza Ipa 1 X 473 mL' (agregado como 'Sin clasificar', revisar data/catalog.json)
2026-08-11_AM.csv: SKU nuevo sin catalogo -> 'Rabieta | Rabieta Cerveza Golden Ale 1 X 473 mL' (agregado como 'Sin clasificar', revisar data/catalog.json)
2026-08-11_AM.csv: SKU nuevo sin catalogo -> 'Salta | Salta Cerveza Session Ipa 1 x 473 mL' (agregado como 'Sin clasificar', revisar data/catalog.json)
2026-08-11_AM.csv: SKU nuevo sin catalogo -> 'Blue Moon | Blue Moon Belgian White Lata 473 ml 1 x 473 mL' (agregado como 'Sin clasificar', revisar data/catalog.json)
2026-08-11_AM.csv: SKU nuevo sin catalogo -> 'Bitburger | Bitburger Cerveza 1 X 500 mL' (agregado como 'Sin clasificar', revisar data/catalog.json)
2026-08-11_AM.csv: SKU nuevo sin catalogo -> 'Kostritzer | Kostritzer Cerveza Schwarzbier 1 X 500 mL' (agregado como 'Sin clasificar', revisar data/catalog.json)
2026-08-11_AM.csv: SKU nuevo sin catalogo -> 'Kunstmann | Cerveza Kunstmann Session Ipa 470ml 1 X 470 mL' (agregado como 'Sin clasificar', revisar data/catalog.json)
2026-08-11_AM.csv: SKU nuevo sin catalogo -> 'Warsteiner | Warsteiner Cerveza 330 ml 1 x 330 mL' (agregado como 'Sin clasificar', revisar data/catalog.json)
2026-08-11_AM.csv: SKU nuevo sin catalogo -> 'Estrella Galicia | Estrella Galicia Cerveza sin Gluten Lata 330ml 1 x 330 mL' (agregado como 'Sin clasificar', revisar data/catalog.json)
2026-08-11_AM.csv: SKU nuevo sin catalogo -> 'Stella Artois | Stella Artois Cerveza Pure Gold 1 x 330 mL' (agregado como 'Sin clasificar', revisar data/catalog.json)
2026-08-11_AM.csv: SKU nuevo sin catalogo -> 'Heineken | Heineken Cerveza 0.0 Lata 330ml 1 X 330 mL' (agregado como 'Sin clasificar', revisar data/catalog.json)
2026-08-12_AM.csv: SKU nuevo sin catalogo -> 'Schneider | Schneider Cerveza Lager 1 X 710 mL' (agregado como 'Sin clasificar', revisar data/catalog.json)
2026-08-12_AM.csv: SKU nuevo sin catalogo -> 'Schneider | Schneider Bebida Refrescante Remix Limón 1 x 473 mL' (agregado como 'Sin clasificar', revisar data/catalog.json)
2026-08-12_AM.csv: SKU nuevo sin catalogo -> 'Stella Artois | Stella Artois Cerveza Pure Gold 1 x 473 mL' (agregado como 'Sin clasificar', revisar data/catalog.json)
2026-08-12_AM.csv: SKU nuevo sin catalogo -> 'Pampa | Pampa Brewing Cerveza IPA Lata 473 ml 1 X 473 mL' (agregado como 'Sin clasificar', revisar data/catalog.json)
2026-08-12_AM.csv: SKU nuevo sin catalogo -> 'Heineken | Heineken Cerveza Sin Alcohol 1 x 473 mL' (agregado como 'Sin clasificar', revisar data/catalog.json)
2026-08-12_AM.csv: SKU nuevo sin catalogo -> 'Pampa | Pampa Brewing Nitro Cream Stout 473ml 1 X 473 mL' (agregado como 'Sin clasificar', revisar data/catalog.json)
2026-08-12_AM.csv: SKU nuevo sin catalogo -> 'Antares | Antares Cerveza Artesanal Honey 1 X 473 mL' (agregado como 'Sin clasificar', revisar data/catalog.json)
2026-08-12_AM.csv: SKU nuevo sin catalogo -> 'Imperial | Imperial Cerveza Roja Amber Lager Lata 1 X 473 mL' (agregado como 'Sin clasificar', revisar data/catalog.json)
2026-08-12_AM.csv: SKU nuevo sin catalogo -> 'Imperial | Imperial Apa Cerveza American Pale Ale Rubia 1 X 473 mL' (agregado como 'Sin clasificar', revisar data/catalog.json)
2026-08-12_AM.csv: SKU nuevo sin catalogo -> 'Rabieta | Rabieta Cerveza American Ipa 1 X 473 mL' (agregado como 'Sin clasificar', revisar data/catalog.json)
2026-08-12_AM.csv: SKU nuevo sin catalogo -> 'Stella Artois | Stella Artois Cerveza 710 ml 1 x 710 mL' (agregado como 'Sin clasificar', revisar data/catalog.json)
2026-08-12_AM.csv: SKU nuevo sin catalogo -> 'Estrella Damm | Estrella Damm Cerveza 1 X 500 mL' (agregado como 'Sin clasificar', revisar data/catalog.json)
2026-08-13_AM.csv: SKU nuevo sin catalogo -> 'Starberg | Starberg Cerveza Lager 1 X 500 mL' (agregado como 'Sin clasificar', revisar data/catalog.json)
2026-08-18_AM.csv: SKU nuevo sin catalogo -> 'Guinnes | Guinness Cerveza Extra Stout' (agregado como 'Sin clasificar', revisar data/catalog.json)
2026-08-19.csv: SKU nuevo sin catalogo -> 'Corona | Corona Cerveza Tipo Lager 330 ml' (agregado como 'Sin clasificar', revisar data/catalog.json)
